$ git commit -m "Added standard HTML page tags"
[main 46afaff] Added standard HTML page tags
 1 file changed, 5 insertions(+), 1 deletion(-)
$ git status
On branch main
Changes not staged for commit:
  (use "git add <file>..." to update what will be committed)
  (use "git restore <file>..." to discard changes in working directory)
	modified:   hello.html

no changes added to commit (use "git add" and/or "git commit -a")
