$ git reset --hard v1
HEAD is now at b7614c1 Added HTML header
$ git log
b7614c1 2023-11-28 | Added HTML header (HEAD -> main, tag: v1) [Alexander Shvets]
46afaff 2023-11-28 | Added standard HTML page tags (tag: v1-beta) [Alexander Shvets]
78433de 2023-11-28 | Added h1 tag [Alexander Shvets]
5836970 2023-11-28 | Initial commit [Alexander Shvets]
