$ git switch -c style
Switched to a new branch 'style'
$ git status
On branch style
nothing to commit, working tree clean
