$ git merge --abort
$ git status
On branch style
nothing to commit, working tree clean
